#-----------------------------------------------------------
# Vivado v2015.4 (64-bit)
# SW Build 1412921 on Wed Nov 18 09:43:45 MST 2015
# IP Build 1412160 on Tue Nov 17 13:47:24 MST 2015
# Start of session at: Tue Dec 05 20:55:57 2023
# Process ID: 10640
# Current directory: C:/Users/Dr804t/Documents/CPE222/pong_4
# Command line: vivado.exe -gui_launcher_event rodinguilauncherevent21956 C:\Users\Dr804t\Documents\CPE222\pong_4\Pong.xpr
# Log file: C:/Users/Dr804t/Documents/CPE222/pong_4/vivado.log
# Journal file: C:/Users/Dr804t/Documents/CPE222/pong_4\vivado.jou
#-----------------------------------------------------------
start_gui
open_project C:/Users/Dr804t/Documents/CPE222/pong_4/Pong.xpr
reset_run synth_1
launch_runs synth_1
wait_on_run synth_1
reset_run synth_1
launch_runs synth_1
wait_on_run synth_1
reset_run synth_1
launch_runs synth_1
wait_on_run synth_1
launch_runs impl_1
wait_on_run impl_1
launch_runs impl_1 -to_step write_bitstream
wait_on_run impl_1
open_hw
connect_hw_server
open_hw_target
set_property PROGRAM.FILE {C:/Users/Dr804t/Documents/CPE222/pong_4/Pong.runs/impl_1/Top.bit} [lindex [get_hw_devices] 0]
current_hw_device [lindex [get_hw_devices] 0]
refresh_hw_device -update_hw_probes false [lindex [get_hw_devices] 0]
set_property PROBES.FILE {} [lindex [get_hw_devices] 0]
set_property PROGRAM.FILE {C:/Users/Dr804t/Documents/CPE222/pong_4/Pong.runs/impl_1/Top.bit} [lindex [get_hw_devices] 0]
program_hw_devices [lindex [get_hw_devices] 0]
refresh_hw_device [lindex [get_hw_devices] 0]
launch_simulation
open_wave_config C:/Users/Dr804t/Documents/CPE222/pong_4/Top_behav.wcfg
source testb.tcl
save_wave_config {C:/Users/Dr804t/Documents/CPE222/pong_4/Top_behav.wcfg}
close_sim
launch_simulation
open_wave_config C:/Users/Dr804t/Documents/CPE222/pong_4/Top_behav.wcfg
source testb.tcl
close_sim
launch_simulation
open_wave_config C:/Users/Dr804t/Documents/CPE222/pong_4/Top_behav.wcfg
source testb.tcl
reset_run synth_1
launch_runs synth_1
wait_on_run synth_1
launch_runs impl_1
wait_on_run impl_1
launch_runs impl_1 -to_step write_bitstream
wait_on_run impl_1
close_sim
launch_simulation
open_wave_config C:/Users/Dr804t/Documents/CPE222/pong_4/Top_behav.wcfg
source testb.tcl
set_property PROBES.FILE {} [lindex [get_hw_devices] 0]
set_property PROGRAM.FILE {C:/Users/Dr804t/Documents/CPE222/pong_4/Pong.runs/impl_1/Top.bit} [lindex [get_hw_devices] 0]
program_hw_devices [lindex [get_hw_devices] 0]
refresh_hw_device [lindex [get_hw_devices] 0]
close_sim
launch_simulation
open_wave_config C:/Users/Dr804t/Documents/CPE222/pong_4/Top_behav.wcfg
source testb.tcl
close_sim
launch_simulation
open_wave_config C:/Users/Dr804t/Documents/CPE222/pong_4/Top_behav.wcfg
source testb.tcl
reset_run synth_1
launch_runs synth_1
wait_on_run synth_1
launch_runs impl_1
wait_on_run impl_1
open_run impl_1
save_wave_config {C:/Users/Dr804t/Documents/CPE222/pong_4/Top_behav.wcfg}
close_sim
launch_simulation
open_wave_config C:/Users/Dr804t/Documents/CPE222/pong_4/Top_behav.wcfg
source testb.tcl
reset_run synth_1
launch_runs synth_1
wait_on_run synth_1
save_wave_config {C:/Users/Dr804t/Documents/CPE222/pong_4/Top_behav.wcfg}
close_sim
launch_simulation
open_wave_config C:/Users/Dr804t/Documents/CPE222/pong_4/Top_behav.wcfg
source testb.tcl
launch_runs impl_1
wait_on_run impl_1
launch_runs impl_1 -to_step write_bitstream
wait_on_run impl_1
set_property PROBES.FILE {} [lindex [get_hw_devices] 0]
set_property PROGRAM.FILE {C:/Users/Dr804t/Documents/CPE222/pong_4/Pong.runs/impl_1/Top.bit} [lindex [get_hw_devices] 0]
program_hw_devices [lindex [get_hw_devices] 0]
refresh_hw_device [lindex [get_hw_devices] 0]
close_sim
